<?xml version="1.0" encoding="UTF-8"?>
<testsuites name="jest tests" tests="1" failures="0" time="1.23">
  <testsuite name="undefined" errors="0" failures="0" skipped="0" timestamp="2020-01-27T16:22:45" time="0.76" tests="1">
    <testcase classname=" renders learn react link" name=" renders learn react link" time="0.033">
    </testcase>
  </testsuite>
</testsuites>